C51 COMPILER V9.60.0.0   COMMON                                                            10/11/2022 15:36:50 PAGE 1   


C51 COMPILER V9.60.0.0, COMPILATION OF MODULE COMMON
OBJECT MODULE PLACED IN .\Output\common.obj
COMPILER INVOKED BY: C:\Keil_v5\C51\BIN\C51.EXE ..\..\..\..\Library\StdDriver\src\common.c OMF2 OPTIMIZE(8,SPEED) BROWSE
                    - INCDIR(..\..\..\..\Library\Device\Include;..\..\..\..\Library\StdDriver\inc) DEBUG PRINT(.\LST\common.lst) TABS(2) OBJE
                    -CT(.\Output\common.obj)

line level    source

   1          /*--------------------------------------------------------------------------------------------------------
             --*/
   2          /*                                                                                                        
             - */
   3          /* SPDX-License-Identifier: Apache-2.0                                                                    
             - */
   4          /* Copyright(c) 2020 Nuvoton Technology Corp. All rights reserved.                                        
             - */
   5          /*                                                                                                        
             - */
   6          /*--------------------------------------------------------------------------------------------------------
             --*/
   7          
   8          #include "ML51.h"
   9          bit BIT_TMP;
  10          unsigned char data  TA_REG_TMP,SFRS_TMP,BYTE_TMP;
  11          
  12          /**
  13           * @brief       Read Dataflash
  14           * @param       Dataflash start address
  15           * @return      Dataflash Value
  16           * @details     None
  17           */
  18           unsigned char Read_APROM_BYTE(unsigned int code *u16_addr)
  19          {
  20   1          unsigned char rdata;
  21   1          rdata = *u16_addr >> 8;
  22   1          return rdata;
  23   1      }
  24          
  25          /**
  26           * @brief       Global Interrupt Status (EA)
  27           * @param       Enable / Disable
  28           * @return      None
  29           * @details     after all IP interrupt enable. Must enable gloabl interrupt.
  30           * @Example     Global_Interrupt(ENABLE);
  31           */
  32          void Global_Interrupt(unsigned char u8IntStatus)
  33          {
  34   1          EA = u8IntStatus;
  35   1      }


MODULE INFORMATION:   STATIC OVERLAYABLE
   CODE SIZE        =     14    ----
   CONSTANT SIZE    =   ----    ----
   XDATA SIZE       =   ----    ----
   PDATA SIZE       =   ----    ----
   DATA SIZE        =      3    ----
   IDATA SIZE       =   ----    ----
   BIT SIZE         =      1    ----
   EDATA SIZE       =   ----    ----
   HDATA SIZE       =   ----    ----
C51 COMPILER V9.60.0.0   COMMON                                                            10/11/2022 15:36:50 PAGE 2   

   XDATA CONST SIZE =   ----    ----
   FAR CONST SIZE   =   ----    ----
END OF MODULE INFORMATION.


C51 COMPILATION COMPLETE.  0 WARNING(S),  0 ERROR(S)
