C51 COMPILER V9.60.0.0   PIN_INT                                                           10/11/2022 15:36:50 PAGE 1   


C51 COMPILER V9.60.0.0, COMPILATION OF MODULE PIN_INT
OBJECT MODULE PLACED IN .\Output\Pin_Int.obj
COMPILER INVOKED BY: C:\Keil_v5\C51\BIN\C51.EXE ..\Pin_Int.C OMF2 OPTIMIZE(8,SPEED) BROWSE INCDIR(..\..\..\..\Library\De
                    -vice\Include;..\..\..\..\Library\StdDriver\inc) DEBUG PRINT(.\LST\Pin_Int.lst) TABS(2) OBJECT(.\Output\Pin_Int.obj)

line level    source

   1          /*--------------------------------------------------------------------------------------------------------
             --*/
   2          /*                                                                                                        
             - */
   3          /* SPDX-License-Identifier: Apache-2.0                                                                    
             - */
   4          /* Copyright(c) 2020 Nuvoton Technology Corp. All rights reserved.                                        
             - */
   5          /*                                                                                                        
             - */
   6          /*--------------------------------------------------------------------------------------------------------
             --*/
   7          
   8          //********************************************************************************************************
             -***
   9          //  File Function: ML51 Pin interrupt demo
  10          //********************************************************************************************************
             -***
  11          #include "ML51.h"
  12          
  13          unsigned char PinIntFlag;
  14          
  15          /******************************************************************************
  16          Pin interrupt subroutine.
  17          ******************************************************************************/
  18          void PinInterrupt_ISR (void) interrupt 7
  19          {
  20   1      _push_(SFRS);
  21   1      
  22   1          SFRS = 0;
  23   1          switch(PIF)
  24   1          {
  25   2            case (SET_BIT0): PinIntFlag = SET_BIT0; PIF&=CLR_BIT0; break;
  26   2            case (SET_BIT1): PinIntFlag = SET_BIT1; PIF&=CLR_BIT1; break;
  27   2            case (SET_BIT2): PinIntFlag = SET_BIT2; PIF&=CLR_BIT2; break;
  28   2            default: break;
  29   2          }
  30   1      
  31   1      _pop_(SFRS);
  32   1      }
  33          
  34          /******************************************************************************
  35          The main C function.  Program execution starts
  36          here after stack initialization.
  37          ******************************************************************************/
  38          void main (void) 
  39          {
  40   1      
  41   1        /* UART0 initial for printf */
  42   1          Enable_UART0_VCOM_printf();
  43   1          printf("\n PIT test start!");
  44   1        /* Disable BOD for power down current */
  45   1          BOD_DISABLE;
  46   1      
C51 COMPILER V9.60.0.0   PIN_INT                                                           10/11/2022 15:36:50 PAGE 2   

  47   1        /* PIT initial setting */
  48   1          MFP_P17_GPIO;
  49   1          P17_INPUT_MODE;
  50   1          ENABLE_P17_PULLUP;
  51   1      
  52   1          MFP_P25_GPIO;
  53   1          P25_INPUT_MODE;
  54   1          ENABLE_P25_PULLUP;
  55   1          
  56   1          MFP_P35_GPIO;
  57   1          P35_INPUT_MODE;
  58   1      
  59   1          SFRS = 0;
  60   1          PIF = 0;
  61   1          ENABLE_PIT0_P17_LOWLEVEL;
  62   1          ENABLE_PIT1_P25_FALLINGEDGE;
  63   1          ENABLE_PIT2_P35_BOTHEDGE;
  64   1          ENABLE_PIN_INTERRUPT;                   // Enable pin interrupt
  65   1          ENABLE_GLOBAL_INTERRUPT;                // global enable bit
  66   1      
  67   1        /* mail loop in power down and wakeup check flag to print */
  68   1          while(1)
  69   1          {
  70   2             set_PCON_PD;
  71   2             _nop_();
  72   2             _nop_();
  73   2      
  74   2            switch(PinIntFlag)
  75   2            {
  76   3              case (SET_BIT0): printf("\n PIT0 interrupt!"); PinIntFlag&=CLR_BIT0; break;
  77   3              case (SET_BIT1): printf("\n PIT1 interrupt!"); PinIntFlag&=CLR_BIT1; break;
  78   3              case (SET_BIT2): printf("\n PIT2 interrupt!"); PinIntFlag&=CLR_BIT2; break;
  79   3              default: break;
  80   3            }
  81   2          }
  82   1      
  83   1      
  84   1      }
  85          
  86          


MODULE INFORMATION:   STATIC OVERLAYABLE
   CODE SIZE        =    271    ----
   CONSTANT SIZE    =     72    ----
   XDATA SIZE       =   ----    ----
   PDATA SIZE       =   ----    ----
   DATA SIZE        =      1    ----
   IDATA SIZE       =   ----    ----
   BIT SIZE         =   ----    ----
   EDATA SIZE       =   ----    ----
   HDATA SIZE       =   ----    ----
   XDATA CONST SIZE =   ----    ----
   FAR CONST SIZE   =   ----    ----
END OF MODULE INFORMATION.


C51 COMPILATION COMPLETE.  0 WARNING(S),  0 ERROR(S)
